[2025-05-22T05:52:22.618-0400][0.005s] CardTable entry size: 512
[2025-05-22T05:52:22.618-0400][0.005s] Using G1
[2025-05-22T05:52:22.674-0400][0.061s] Version: 21.0.7+6-Ubuntu-0ubuntu124.04 (release)
[2025-05-22T05:52:22.674-0400][0.061s] CPUs: 12 total, 12 available
[2025-05-22T05:52:22.674-0400][0.061s] Memory: 15422M
[2025-05-22T05:52:22.674-0400][0.061s] Large Page Support: Disabled
[2025-05-22T05:52:22.674-0400][0.061s] NUMA Support: Disabled
[2025-05-22T05:52:22.674-0400][0.061s] Compressed Oops: Enabled (32-bit)
[2025-05-22T05:52:22.674-0400][0.061s] Heap Region Size: 1M
[2025-05-22T05:52:22.674-0400][0.061s] Heap Min Capacity: 512M
[2025-05-22T05:52:22.674-0400][0.061s] Heap Initial Capacity: 512M
[2025-05-22T05:52:22.674-0400][0.061s] Heap Max Capacity: 512M
[2025-05-22T05:52:22.674-0400][0.061s] Pre-touch: Enabled
[2025-05-22T05:52:22.674-0400][0.061s] Parallel Workers: 10
[2025-05-22T05:52:22.674-0400][0.061s] Concurrent Workers: 3
[2025-05-22T05:52:22.674-0400][0.061s] Concurrent Refinement Workers: 10
[2025-05-22T05:52:22.674-0400][0.061s] Periodic GC: Disabled
[2025-05-22T05:52:22.680-0400][0.067s] CDS archive(s) mapped at: [0x000075b277000000-0x000075b277c97000-0x000075b277c97000), size 13201408, SharedBaseAddress: 0x000075b277000000, ArchiveRelocationMode: 1.
[2025-05-22T05:52:22.680-0400][0.067s] Compressed class space mapped at: 0x000075b278000000-0x000075b2b8000000, reserved size: 1073741824
[2025-05-22T05:52:22.680-0400][0.067s] Narrow klass base: 0x000075b277000000, Narrow klass shift: 0, Narrow klass range: 0x100000000
[2025-05-22T05:52:23.009-0400][0.396s] GC(0) Pause Young (Normal) (G1 Evacuation Pause)
[2025-05-22T05:52:23.009-0400][0.396s] GC(0) Using 10 workers of 10 for evacuation
[2025-05-22T05:52:23.011-0400][0.398s] GC(0)   Pre Evacuate Collection Set: 0.2ms
[2025-05-22T05:52:23.011-0400][0.398s] GC(0)   Merge Heap Roots: 0.1ms
[2025-05-22T05:52:23.011-0400][0.398s] GC(0)   Evacuate Collection Set: 1.6ms
[2025-05-22T05:52:23.011-0400][0.398s] GC(0)   Post Evacuate Collection Set: 0.2ms
[2025-05-22T05:52:23.011-0400][0.398s] GC(0)   Other: 0.0ms
[2025-05-22T05:52:23.011-0400][0.398s] GC(0) Eden regions: 29->0(60)
[2025-05-22T05:52:23.011-0400][0.398s] GC(0) Survivor regions: 0->4(4)
[2025-05-22T05:52:23.011-0400][0.398s] GC(0) Old regions: 2->5
[2025-05-22T05:52:23.011-0400][0.398s] GC(0) Humongous regions: 4->4
[2025-05-22T05:52:23.011-0400][0.398s] GC(0) Metaspace: 9986K(10240K)->9986K(10240K) NonClass: 8851K(8960K)->8851K(8960K) Class: 1135K(1280K)->1135K(1280K)
[2025-05-22T05:52:23.011-0400][0.398s] GC(0) Pause Young (Normal) (G1 Evacuation Pause) 34M->11M(512M) 2.286ms
[2025-05-22T05:52:23.011-0400][0.398s] GC(0) User=0.02s Sys=0.00s Real=0.00s
[2025-05-22T05:52:23.422-0400][0.809s] GC(1) Pause Young (Normal) (G1 Evacuation Pause)
[2025-05-22T05:52:23.422-0400][0.809s] GC(1) Using 10 workers of 10 for evacuation
[2025-05-22T05:52:23.426-0400][0.813s] GC(1)   Pre Evacuate Collection Set: 0.2ms
[2025-05-22T05:52:23.426-0400][0.813s] GC(1)   Merge Heap Roots: 0.0ms
[2025-05-22T05:52:23.426-0400][0.813s] GC(1)   Evacuate Collection Set: 3.1ms
[2025-05-22T05:52:23.426-0400][0.813s] GC(1)   Post Evacuate Collection Set: 0.7ms
[2025-05-22T05:52:23.426-0400][0.813s] GC(1)   Other: 0.0ms
[2025-05-22T05:52:23.426-0400][0.813s] GC(1) Eden regions: 60->0(66)
[2025-05-22T05:52:23.426-0400][0.813s] GC(1) Survivor regions: 4->8(8)
[2025-05-22T05:52:23.426-0400][0.813s] GC(1) Old regions: 5->15
[2025-05-22T05:52:23.426-0400][0.813s] GC(1) Humongous regions: 4->4
[2025-05-22T05:52:23.426-0400][0.813s] GC(1) Metaspace: 19490K(19904K)->19490K(19904K) NonClass: 17324K(17536K)->17324K(17536K) Class: 2165K(2368K)->2165K(2368K)
[2025-05-22T05:52:23.426-0400][0.813s] GC(1) Pause Young (Normal) (G1 Evacuation Pause) 71M->25M(512M) 4.136ms
[2025-05-22T05:52:23.426-0400][0.813s] GC(1) User=0.03s Sys=0.00s Real=0.00s
[2025-05-22T05:52:23.461-0400][0.848s] GC(2) Pause Young (Concurrent Start) (Metadata GC Threshold)
[2025-05-22T05:52:23.461-0400][0.848s] GC(2) Using 10 workers of 10 for evacuation
[2025-05-22T05:52:23.463-0400][0.850s] GC(2)   Pre Evacuate Collection Set: 0.1ms
[2025-05-22T05:52:23.463-0400][0.850s] GC(2)   Merge Heap Roots: 0.0ms
[2025-05-22T05:52:23.463-0400][0.850s] GC(2)   Evacuate Collection Set: 1.4ms
[2025-05-22T05:52:23.463-0400][0.850s] GC(2)   Post Evacuate Collection Set: 0.2ms
[2025-05-22T05:52:23.463-0400][0.850s] GC(2)   Other: 0.0ms
[2025-05-22T05:52:23.463-0400][0.850s] GC(2) Eden regions: 13->0(80)
[2025-05-22T05:52:23.463-0400][0.850s] GC(2) Survivor regions: 8->6(10)
[2025-05-22T05:52:23.463-0400][0.850s] GC(2) Old regions: 15->19
[2025-05-22T05:52:23.463-0400][0.850s] GC(2) Humongous regions: 4->4
[2025-05-22T05:52:23.463-0400][0.850s] GC(2) Metaspace: 21144K(21504K)->21144K(21504K) NonClass: 18781K(18944K)->18781K(18944K) Class: 2363K(2560K)->2363K(2560K)
[2025-05-22T05:52:23.463-0400][0.850s] GC(2) Pause Young (Concurrent Start) (Metadata GC Threshold) 38M->26M(512M) 1.966ms
[2025-05-22T05:52:23.463-0400][0.850s] GC(2) User=0.01s Sys=0.00s Real=0.00s
[2025-05-22T05:52:23.463-0400][0.850s] GC(3) Concurrent Mark Cycle
[2025-05-22T05:52:23.463-0400][0.850s] GC(3) Concurrent Scan Root Regions
[2025-05-22T05:52:23.464-0400][0.851s] GC(3) Concurrent Scan Root Regions 1.256ms
[2025-05-22T05:52:23.464-0400][0.851s] GC(3) Concurrent Mark
[2025-05-22T05:52:23.464-0400][0.851s] GC(3) Concurrent Mark From Roots
[2025-05-22T05:52:23.464-0400][0.851s] GC(3) Using 3 workers of 3 for marking
[2025-05-22T05:52:23.469-0400][0.856s] GC(3) Concurrent Mark From Roots 4.657ms
[2025-05-22T05:52:23.469-0400][0.856s] GC(3) Concurrent Preclean
[2025-05-22T05:52:23.469-0400][0.856s] GC(3) Concurrent Preclean 0.029ms
[2025-05-22T05:52:23.469-0400][0.856s] GC(3) Pause Remark
[2025-05-22T05:52:23.470-0400][0.857s] GC(3) Pause Remark 28M->28M(512M) 1.149ms
[2025-05-22T05:52:23.470-0400][0.857s] GC(3) User=0.00s Sys=0.00s Real=0.00s
[2025-05-22T05:52:23.470-0400][0.857s] GC(3) Concurrent Mark 6.018ms
[2025-05-22T05:52:23.470-0400][0.857s] GC(3) Concurrent Rebuild Remembered Sets and Scrub Regions
[2025-05-22T05:52:23.473-0400][0.860s] GC(3) Concurrent Rebuild Remembered Sets and Scrub Regions 2.277ms
[2025-05-22T05:52:23.473-0400][0.860s] GC(3) Pause Cleanup
[2025-05-22T05:52:23.473-0400][0.860s] GC(3) Pause Cleanup 28M->28M(512M) 0.104ms
[2025-05-22T05:52:23.473-0400][0.860s] GC(3) User=0.00s Sys=0.00s Real=0.00s
[2025-05-22T05:52:23.473-0400][0.860s] GC(3) Concurrent Clear Claimed Marks
[2025-05-22T05:52:23.473-0400][0.860s] GC(3) Concurrent Clear Claimed Marks 0.020ms
[2025-05-22T05:52:23.473-0400][0.860s] GC(3) Concurrent Cleanup for Next Mark
[2025-05-22T05:52:23.474-0400][0.861s] GC(3) Concurrent Cleanup for Next Mark 0.376ms
[2025-05-22T05:52:23.474-0400][0.861s] GC(3) Concurrent Mark Cycle 10.563ms
[2025-05-22T05:52:55.740-0400][33.127s] GC(4) Pause Young (Prepare Mixed) (Metadata GC Threshold)
[2025-05-22T05:52:55.740-0400][33.127s] GC(4) Using 10 workers of 10 for evacuation
[2025-05-22T05:52:55.743-0400][33.130s] GC(4)   Pre Evacuate Collection Set: 0.2ms
[2025-05-22T05:52:55.743-0400][33.130s] GC(4)   Merge Heap Roots: 0.1ms
[2025-05-22T05:52:55.743-0400][33.130s] GC(4)   Evacuate Collection Set: 2.5ms
[2025-05-22T05:52:55.743-0400][33.130s] GC(4)   Post Evacuate Collection Set: 0.4ms
[2025-05-22T05:52:55.743-0400][33.130s] GC(4)   Other: 0.1ms
[2025-05-22T05:52:55.743-0400][33.130s] GC(4) Eden regions: 75->0(296)
[2025-05-22T05:52:55.743-0400][33.130s] GC(4) Survivor regions: 6->11(11)
[2025-05-22T05:52:55.743-0400][33.130s] GC(4) Old regions: 19->19
[2025-05-22T05:52:55.743-0400][33.130s] GC(4) Humongous regions: 4->4
[2025-05-22T05:52:55.743-0400][33.130s] GC(4) Metaspace: 35795K(36160K)->35795K(36160K) NonClass: 31792K(32000K)->31792K(32000K) Class: 4003K(4160K)->4003K(4160K)
[2025-05-22T05:52:55.743-0400][33.130s] GC(4) Pause Young (Prepare Mixed) (Metadata GC Threshold) 101M->32M(512M) 3.427ms
[2025-05-22T05:52:55.743-0400][33.130s] GC(4) User=0.02s Sys=0.00s Real=0.00s
[2025-05-22T05:52:55.760-0400][33.147s] GC(5) Pause Young (Mixed) (Metadata GC Threshold)
[2025-05-22T05:52:55.760-0400][33.147s] GC(5) Using 10 workers of 10 for evacuation
[2025-05-22T05:52:55.764-0400][33.151s] GC(5)   Pre Evacuate Collection Set: 0.1ms
[2025-05-22T05:52:55.764-0400][33.151s] GC(5)   Merge Heap Roots: 0.0ms
[2025-05-22T05:52:55.764-0400][33.151s] GC(5)   Evacuate Collection Set: 2.0ms
[2025-05-22T05:52:55.764-0400][33.151s] GC(5)   Post Evacuate Collection Set: 1.1ms
[2025-05-22T05:52:55.764-0400][33.151s] GC(5)   Other: 0.0ms
[2025-05-22T05:52:55.764-0400][33.151s] GC(5) Eden regions: 3->0(295)
[2025-05-22T05:52:55.764-0400][33.151s] GC(5) Survivor regions: 11->12(39)
[2025-05-22T05:52:55.764-0400][33.151s] GC(5) Old regions: 19->18
[2025-05-22T05:52:55.764-0400][33.151s] GC(5) Humongous regions: 4->4
[2025-05-22T05:52:55.764-0400][33.151s] GC(5) Metaspace: 36126K(36480K)->36126K(36480K) NonClass: 32079K(32256K)->32079K(32256K) Class: 4047K(4224K)->4047K(4224K)
[2025-05-22T05:52:55.764-0400][33.151s] GC(5) Pause Young (Mixed) (Metadata GC Threshold) 34M->32M(512M) 3.436ms
[2025-05-22T05:52:55.764-0400][33.151s] GC(5) User=0.02s Sys=0.01s Real=0.00s
[2025-05-22T05:52:55.782-0400][33.169s] GC(6) Pause Young (Concurrent Start) (Metadata GC Threshold)
[2025-05-22T05:52:55.782-0400][33.169s] GC(6) Using 10 workers of 10 for evacuation
[2025-05-22T05:52:55.785-0400][33.172s] GC(6)   Pre Evacuate Collection Set: 0.1ms
[2025-05-22T05:52:55.786-0400][33.172s] GC(6)   Merge Heap Roots: 0.0ms
[2025-05-22T05:52:55.786-0400][33.172s] GC(6)   Evacuate Collection Set: 2.3ms
[2025-05-22T05:52:55.786-0400][33.172s] GC(6)   Post Evacuate Collection Set: 0.7ms
[2025-05-22T05:52:55.786-0400][33.172s] GC(6)   Other: 0.1ms
[2025-05-22T05:52:55.786-0400][33.172s] GC(6) Eden regions: 2->0(296)
[2025-05-22T05:52:55.786-0400][33.172s] GC(6) Survivor regions: 12->11(39)
[2025-05-22T05:52:55.786-0400][33.172s] GC(6) Old regions: 18->18
[2025-05-22T05:52:55.786-0400][33.172s] GC(6) Humongous regions: 4->4
[2025-05-22T05:52:55.786-0400][33.172s] GC(6) Metaspace: 36439K(36800K)->36439K(36800K) NonClass: 32363K(32576K)->32363K(32576K) Class: 4075K(4224K)->4075K(4224K)
[2025-05-22T05:52:55.786-0400][33.172s] GC(6) Pause Young (Concurrent Start) (Metadata GC Threshold) 34M->32M(512M) 3.350ms
[2025-05-22T05:52:55.786-0400][33.172s] GC(6) User=0.02s Sys=0.00s Real=0.00s
[2025-05-22T05:52:55.786-0400][33.172s] GC(7) Concurrent Mark Cycle
[2025-05-22T05:52:55.786-0400][33.172s] GC(7) Concurrent Scan Root Regions
[2025-05-22T05:52:55.787-0400][33.174s] GC(7) Concurrent Scan Root Regions 1.774ms
[2025-05-22T05:52:55.787-0400][33.174s] GC(7) Concurrent Mark
[2025-05-22T05:52:55.787-0400][33.174s] GC(7) Concurrent Mark From Roots
[2025-05-22T05:52:55.787-0400][33.174s] GC(7) Using 3 workers of 3 for marking
[2025-05-22T05:52:55.794-0400][33.181s] GC(7) Concurrent Mark From Roots 6.225ms
[2025-05-22T05:52:55.794-0400][33.181s] GC(7) Concurrent Preclean
[2025-05-22T05:52:55.794-0400][33.181s] GC(7) Concurrent Preclean 0.067ms
[2025-05-22T05:52:55.794-0400][33.181s] GC(7) Pause Remark
[2025-05-22T05:52:55.796-0400][33.183s] GC(7) Pause Remark 33M->33M(512M) 2.387ms
[2025-05-22T05:52:55.796-0400][33.183s] GC(7) User=0.01s Sys=0.00s Real=0.00s
[2025-05-22T05:52:55.796-0400][33.183s] GC(7) Concurrent Mark 9.041ms
[2025-05-22T05:52:55.796-0400][33.183s] GC(7) Concurrent Rebuild Remembered Sets and Scrub Regions
[2025-05-22T05:52:55.800-0400][33.186s] GC(7) Concurrent Rebuild Remembered Sets and Scrub Regions 3.060ms
[2025-05-22T05:52:55.800-0400][33.187s] GC(7) Pause Cleanup
[2025-05-22T05:52:55.800-0400][33.187s] GC(7) Pause Cleanup 33M->33M(512M) 0.129ms
[2025-05-22T05:52:55.800-0400][33.187s] GC(7) User=0.00s Sys=0.00s Real=0.00s
[2025-05-22T05:52:55.800-0400][33.187s] GC(7) Concurrent Clear Claimed Marks
[2025-05-22T05:52:55.800-0400][33.187s] GC(7) Concurrent Clear Claimed Marks 0.025ms
[2025-05-22T05:52:55.800-0400][33.187s] GC(7) Concurrent Cleanup for Next Mark
[2025-05-22T05:52:55.800-0400][33.187s] GC(7) Concurrent Cleanup for Next Mark 0.364ms
[2025-05-22T05:52:55.800-0400][33.187s] GC(7) Concurrent Mark Cycle 14.607ms
[2025-05-22T06:47:12.401-0400][3289.787s] GC(8) Pause Young (Prepare Mixed) (G1 Evacuation Pause)
[2025-05-22T06:47:12.401-0400][3289.787s] GC(8) Using 10 workers of 10 for evacuation
[2025-05-22T06:47:12.410-0400][3289.797s] GC(8)   Pre Evacuate Collection Set: 0.2ms
[2025-05-22T06:47:12.410-0400][3289.797s] GC(8)   Merge Heap Roots: 0.1ms
[2025-05-22T06:47:12.410-0400][3289.797s] GC(8)   Evacuate Collection Set: 7.5ms
[2025-05-22T06:47:12.410-0400][3289.797s] GC(8)   Post Evacuate Collection Set: 1.5ms
[2025-05-22T06:47:12.410-0400][3289.797s] GC(8)   Other: 0.2ms
[2025-05-22T06:47:12.410-0400][3289.797s] GC(8) Eden regions: 296->0(279)
[2025-05-22T06:47:12.410-0400][3289.797s] GC(8) Survivor regions: 11->28(39)
[2025-05-22T06:47:12.410-0400][3289.797s] GC(8) Old regions: 18->18
[2025-05-22T06:47:12.410-0400][3289.797s] GC(8) Humongous regions: 8->7
[2025-05-22T06:47:12.410-0400][3289.797s] GC(8) Metaspace: 55847K(56384K)->55847K(56384K) NonClass: 49587K(49920K)->49587K(49920K) Class: 6260K(6464K)->6260K(6464K)
[2025-05-22T06:47:12.410-0400][3289.797s] GC(8) Pause Young (Prepare Mixed) (G1 Evacuation Pause) 332M->51M(512M) 9.568ms
[2025-05-22T06:47:12.410-0400][3289.797s] GC(8) User=0.06s Sys=0.00s Real=0.01s
[2025-05-22T08:02:42.307-0400][7819.694s] GC(9) Pause Young (Mixed) (G1 Evacuation Pause)
[2025-05-22T08:02:42.307-0400][7819.694s] GC(9) Using 10 workers of 10 for evacuation
[2025-05-22T08:02:42.319-0400][7819.706s] GC(9)   Pre Evacuate Collection Set: 0.2ms
[2025-05-22T08:02:42.319-0400][7819.706s] GC(9)   Merge Heap Roots: 0.1ms
[2025-05-22T08:02:42.319-0400][7819.706s] GC(9)   Evacuate Collection Set: 6.9ms
[2025-05-22T08:02:42.319-0400][7819.706s] GC(9)   Post Evacuate Collection Set: 4.2ms
[2025-05-22T08:02:42.319-0400][7819.706s] GC(9)   Other: 0.1ms
[2025-05-22T08:02:42.319-0400][7819.706s] GC(9) Eden regions: 279->0(279)
[2025-05-22T08:02:42.319-0400][7819.706s] GC(9) Survivor regions: 28->28(39)
[2025-05-22T08:02:42.319-0400][7819.706s] GC(9) Old regions: 18->27
[2025-05-22T08:02:42.319-0400][7819.706s] GC(9) Humongous regions: 7->7
[2025-05-22T08:02:42.319-0400][7819.706s] GC(9) Metaspace: 57286K(57792K)->57286K(57792K) NonClass: 50989K(51264K)->50989K(51264K) Class: 6296K(6528K)->6296K(6528K)
[2025-05-22T08:02:42.319-0400][7819.706s] GC(9) Pause Young (Mixed) (G1 Evacuation Pause) 330M->61M(512M) 11.750ms
[2025-05-22T08:02:42.319-0400][7819.706s] GC(9) User=0.11s Sys=0.00s Real=0.02s
